  Determining projects to restore...
  All projects are up-to-date for restore.
  PlaywrightTests.Core -> D:\2026\POC-Login-Website\src\PlaywrightTests.Core\bin\Debug\net9.0\PlaywrightTests.Core.dll
  PlaywrightTests.Application -> D:\2026\POC-Login-Website\src\PlaywrightTests.Application\bin\Debug\net9.0\PlaywrightTests.Application.dll
  PlaywrightTests.Infrastructure -> D:\2026\POC-Login-Website\src\PlaywrightTests.Infrastructure\bin\Debug\net9.0\PlaywrightTests.Infrastructure.dll
D:\2026\POC-Login-Website\tests\PlaywrightTests.Tests\Fixtures\BaseTestFixture.cs(16,5): error NUnit1032: The property BrowserPort should be Disposed in a method annotated with [OneTimeTearDownAttribute] (https://github.com/nunit/nunit.analyzers/tree/master/documentation/NUnit1032.md) [D:\2026\POC-Login-Website\tests\PlaywrightTests.Tests\PlaywrightTests.Tests.csproj]

Build FAILED.

D:\2026\POC-Login-Website\tests\PlaywrightTests.Tests\Fixtures\BaseTestFixture.cs(16,5): error NUnit1032: The property BrowserPort should be Disposed in a method annotated with [OneTimeTearDownAttribute] (https://github.com/nunit/nunit.analyzers/tree/master/documentation/NUnit1032.md) [D:\2026\POC-Login-Website\tests\PlaywrightTests.Tests\PlaywrightTests.Tests.csproj]
    0 Warning(s)
    1 Error(s)

Time Elapsed 00:00:01.90
